2025-11-16 19:38:24 - root - INFO - Logging configurado.
2025-11-16 19:38:29 - pipeline.pipeline - INFO - Pipeline iniciado...
2025-11-16 19:38:29 - pipeline.pipeline - INFO - Abrindo o dataframe de pagamentos
2025-11-16 19:38:33 - pipeline.pipeline - INFO - Abrindo o dataframe de pedidos
2025-11-16 19:38:33 - pipeline.pipeline - INFO - Avaliando Fraude
2025-11-16 19:38:33 - pipeline.pipeline - INFO - Adicionando no relatório o valor total do pedido
2025-11-16 19:38:34 - pipeline.pipeline - INFO - Filtrando Pagamentos
2025-11-16 19:38:34 - pipeline.pipeline - INFO - Filtrando Pedidos
2025-11-16 19:38:35 - pipeline.pipeline - INFO - Fazendo a junção dos dataframes
2025-11-16 19:38:37 - pipeline.pipeline - INFO - Ordena Resultado
2025-11-16 19:38:38 - pipeline.pipeline - INFO - Escrevendo o resultado em parquet
2025-11-16 19:38:41 - io_utils.data_handler - INFO - Dados salvos com sucesso em: data/output/relatorio
2025-11-16 19:38:41 - pipeline.pipeline - ERROR - Problemas ao escrever o arquivo em parquet: local variable 'e' referenced before assignment
2025-11-16 19:38:41 - root - INFO - Sessão Spark finalizada.
2025-11-16 19:38:41 - py4j.clientserver - INFO - Closing down clientserver connection
2025-11-16 19:57:09 - root - INFO - Logging configurado.
2025-11-16 19:57:14 - pipeline.pipeline - INFO - Pipeline iniciado...
2025-11-16 19:57:14 - pipeline.pipeline - INFO - Abrindo o dataframe de pagamentos
2025-11-16 19:57:18 - pipeline.pipeline - INFO - Abrindo o dataframe de pedidos
2025-11-16 19:57:18 - pipeline.pipeline - INFO - Avaliando Fraude
2025-11-16 19:57:19 - pipeline.pipeline - INFO - Adicionando no relatório o valor total do pedido
2025-11-16 19:57:19 - pipeline.pipeline - INFO - Filtrando Pagamentos
2025-11-16 19:57:20 - pipeline.pipeline - INFO - Filtrando Pedidos
2025-11-16 19:57:20 - pipeline.pipeline - INFO - Fazendo a junção dos dataframes
2025-11-16 19:57:22 - pipeline.pipeline - INFO - Ordena Resultado
2025-11-16 19:57:24 - pipeline.pipeline - INFO - Escrevendo o resultado em parquet
2025-11-16 19:57:27 - io_utils.data_handler - INFO - Dados salvos com sucesso em: data/output/relatorio
2025-11-16 19:57:27 - pipeline.pipeline - ERROR - Problemas ao escrever o arquivo em parquet: local variable 'e' referenced before assignment
2025-11-16 19:57:28 - root - INFO - Sessão Spark finalizada.
2025-11-16 19:57:28 - py4j.clientserver - INFO - Closing down clientserver connection
2025-11-18 23:34:07 - root - INFO - Logging configurado.
2025-11-18 23:34:14 - pipeline.pipeline - INFO - Pipeline iniciado...
2025-11-18 23:34:14 - pipeline.pipeline - INFO - Abrindo o dataframe de pagamentos
2025-11-18 23:34:19 - pipeline.pipeline - INFO - Abrindo o dataframe de pedidos
2025-11-18 23:34:19 - pipeline.pipeline - INFO - Avaliando Fraude
2025-11-18 23:34:20 - pipeline.pipeline - INFO - Adicionando no relatório o valor total do pedido
2025-11-18 23:34:21 - pipeline.pipeline - INFO - Filtrando Pagamentos
2025-11-18 23:34:22 - pipeline.pipeline - INFO - Filtrando Pedidos
2025-11-18 23:34:23 - pipeline.pipeline - INFO - Fazendo a junção dos dataframes
2025-11-18 23:34:25 - pipeline.pipeline - INFO - Ordena Resultado
2025-11-18 23:34:28 - pipeline.pipeline - INFO - Escrevendo o resultado em parquet
2025-11-18 23:34:31 - io_utils.data_handler - INFO - Dados salvos com sucesso em: data/output/relatorio
2025-11-18 23:34:31 - pipeline.pipeline - ERROR - Problemas ao escrever o arquivo em parquet: local variable 'e' referenced before assignment
2025-11-18 23:34:32 - root - INFO - Sessão Spark finalizada.
2025-11-18 23:34:32 - py4j.clientserver - INFO - Closing down clientserver connection
2025-11-18 23:37:50 - root - INFO - Logging configurado.
2025-11-18 23:37:57 - pipeline.pipeline - INFO - Pipeline iniciado...
2025-11-18 23:37:57 - pipeline.pipeline - INFO - Abrindo o dataframe de pagamentos
2025-11-18 23:38:02 - pipeline.pipeline - INFO - Abrindo o dataframe de pedidos
2025-11-18 23:38:02 - pipeline.pipeline - INFO - Avaliando Fraude
2025-11-18 23:38:03 - pipeline.pipeline - INFO - Adicionando no relatório o valor total do pedido
2025-11-18 23:38:04 - pipeline.pipeline - INFO - Filtrando Pagamentos
2025-11-18 23:38:05 - pipeline.pipeline - INFO - Filtrando Pedidos
2025-11-18 23:38:06 - pipeline.pipeline - INFO - Fazendo a junção dos dataframes
2025-11-18 23:38:08 - pipeline.pipeline - INFO - Ordena Resultado
2025-11-18 23:38:11 - pipeline.pipeline - INFO - Escrevendo o resultado em parquet
2025-11-18 23:38:14 - io_utils.data_handler - INFO - Dados salvos com sucesso em: data/output/relatorio
2025-11-18 23:38:14 - pipeline.pipeline - ERROR - Problemas ao escrever o arquivo em parquet: local variable 'e' referenced before assignment
2025-11-18 23:38:14 - root - INFO - Sessão Spark finalizada.
2025-11-18 23:38:14 - py4j.clientserver - INFO - Closing down clientserver connection
2025-11-18 23:49:44 - root - INFO - Logging configurado.
2025-11-18 23:49:51 - pipeline.pipeline - INFO - Pipeline iniciado...
2025-11-18 23:49:51 - pipeline.pipeline - INFO - Abrindo o dataframe de pagamentos
2025-11-18 23:49:57 - pipeline.pipeline - INFO - Abrindo o dataframe de pedidos
2025-11-18 23:49:57 - pipeline.pipeline - INFO - Avaliando Fraude
2025-11-18 23:49:57 - pipeline.pipeline - INFO - Adicionando no relatório o valor total do pedido
2025-11-18 23:49:58 - pipeline.pipeline - INFO - Filtrando Pagamentos
2025-11-18 23:49:59 - pipeline.pipeline - INFO - Filtrando Pedidos
2025-11-18 23:50:00 - pipeline.pipeline - INFO - Fazendo a junção dos dataframes
2025-11-18 23:50:01 - pipeline.pipeline - INFO - Ordena Resultado
2025-11-18 23:50:04 - pipeline.pipeline - INFO - Escrevendo o resultado em parquet
2025-11-18 23:50:08 - io_utils.data_handler - INFO - Dados salvos com sucesso em: data/output/relatorio
2025-11-18 23:50:08 - root - INFO - Sessão Spark finalizada.
2025-11-18 23:50:08 - py4j.clientserver - INFO - Closing down clientserver connection
2025-11-19 00:02:55 - root - INFO - Logging configurado.
2025-11-19 00:03:04 - pipeline.pipeline - INFO - Pipeline iniciado...
2025-11-19 00:03:04 - pipeline.pipeline - INFO - Abrindo o dataframe de pagamentos
2025-11-19 00:03:10 - pipeline.pipeline - INFO - Abrindo o dataframe de pedidos
2025-11-19 00:03:11 - pipeline.pipeline - INFO - Avaliando Fraude
2025-11-19 00:03:11 - pipeline.pipeline - INFO - Adicionando no relatório o valor total do pedido
2025-11-19 00:03:12 - pipeline.pipeline - INFO - Filtrando Pagamentos
2025-11-19 00:03:13 - pipeline.pipeline - INFO - Filtrando Pedidos
2025-11-19 00:03:14 - pipeline.pipeline - INFO - Fazendo a junção dos dataframes
2025-11-19 00:03:16 - pipeline.pipeline - INFO - Ordena Resultado
2025-11-19 00:03:18 - pipeline.pipeline - INFO - Escrevendo o resultado em parquet
2025-11-19 00:03:22 - io_utils.data_handler - INFO - Dados salvos com sucesso em: data/output/relatorio
2025-11-19 00:03:22 - root - INFO - Sessão Spark finalizada.
2025-11-19 00:03:22 - py4j.clientserver - INFO - Closing down clientserver connection
